[
  {
    "AShort": 3,
    "ANullableShort": 40,
    "AInt": 3,
    "ANullableInt": 40,
    "ALong": 3,
    "ANullableLong": 40,
    "ADouble": 39.99,
    "ANullableDouble": 59.99,
    "ADecimal": 79.99,
    "ANullableDecimal": 99.99,
    "AString": "def",
    "ANullableString": "def def",
    "AEnum": "New",
    "ANullableEnum": "Active",
    "ABoolean": false,
    "ANullableBoolean": true,
    "ADateTimeOffset": "2024-09-03T01:00:00+02:00",
    "ANullableDateTimeOffset": "2024-09-03T01:00:00+02:00",
    "ADateTime": "2024-09-03T01:00:00",
    "ANullableDateTime": "2024-09-03T01:00:00"
  }
]
