[
  {
    "AShort": 2,
    "ANullableShort": null,
    "AInt": 2,
    "ANullableInt": null,
    "ALong": 2,
    "ANullableLong": null,
    "ADouble": 29.99,
    "ANullableDouble": null,
    "ADecimal": 29.99,
    "ANullableDecimal": null,
    "AString": "abc xyz",
    "ANullableString": null,
    "AEnum": "Active",
    "ANullableEnum": null,
    "ABoolean": true,
    "ANullableBoolean": null,
    "ADateTimeOffset": "2024-09-02T01:00:00+02:00",
    "ANullableDateTimeOffset": null,
    "ADateTime": "2024-09-02T01:00:00",
    "ANullableDateTime": null
  },
  {
    "AShort": 3,
    "ANullableShort": 40,
    "AInt": 3,
    "ANullableInt": 40,
    "ALong": 3,
    "ANullableLong": 40,
    "ADouble": 39.99,
    "ANullableDouble": 59.99,
    "ADecimal": 79.99,
    "ANullableDecimal": 99.99,
    "AString": "def",
    "ANullableString": "def def",
    "AEnum": "New",
    "ANullableEnum": "Active",
    "ABoolean": false,
    "ANullableBoolean": true,
    "ADateTimeOffset": "2024-09-03T01:00:00+02:00",
    "ANullableDateTimeOffset": "2024-09-03T01:00:00+02:00",
    "ADateTime": "2024-09-03T01:00:00",
    "ANullableDateTime": "2024-09-03T01:00:00"
  },
  {
    "AShort": 4,
    "ANullableShort": null,
    "AInt": 4,
    "ANullableInt": null,
    "ALong": 4,
    "ANullableLong": null,
    "ADouble": 59.99,
    "ANullableDouble": null,
    "ADecimal": 99.99,
    "ANullableDecimal": null,
    "AString": "abc xyz",
    "ANullableString": null,
    "AEnum": "Active",
    "ANullableEnum": null,
    "ABoolean": true,
    "ANullableBoolean": null,
    "ADateTimeOffset": "2024-09-04T23:59:59+02:00",
    "ANullableDateTimeOffset": null,
    "ADateTime": "2024-09-04T23:59:59",
    "ANullableDateTime": null
  }
]
