{
  "Items": [
    {
      "AShort": 1,
      "ANullableShort": 20,
      "AInt": 1,
      "ANullableInt": 20,
      "ALong": 1,
      "ANullableLong": 20,
      "ADouble": 19.99,
      "ANullableDouble": 29.99,
      "ADecimal": 19.99,
      "ANullableDecimal": 29.99,
      "AString": "abc",
      "ANullableString": "def 123",
      "AEnum": "Active",
      "ANullableEnum": "Inactive",
      "ABoolean": true,
      "ANullableBoolean": false,
      "ADateTimeOffset": "2024-09-01T01:00:00+02:00",
      "ANullableDateTimeOffset": "2024-09-01T01:00:00+02:00",
      "ADateTime": "2024-09-01T01:00:00",
      "ANullableDateTime": "2024-09-01T01:00:00"
    },
    {
      "AShort": 2,
      "ANullableShort": null,
      "AInt": 2,
      "ANullableInt": null,
      "ALong": 2,
      "ANullableLong": null,
      "ADouble": 29.99,
      "ANullableDouble": null,
      "ADecimal": 29.99,
      "ANullableDecimal": null,
      "AString": "abc xyz",
      "ANullableString": null,
      "AEnum": "Active",
      "ANullableEnum": null,
      "ABoolean": true,
      "ANullableBoolean": null,
      "ADateTimeOffset": "2024-09-02T01:00:00+02:00",
      "ANullableDateTimeOffset": null,
      "ADateTime": "2024-09-02T01:00:00",
      "ANullableDateTime": null
    }
  ],
  "TotalItems": 5,
  "CurrentPage": 1,
  "PageSize": 2,
  "TotalPages": 3
}
