[
  {
    "AShort": 1,
    "ANullableShort": 20,
    "AInt": 1,
    "ANullableInt": 20,
    "ALong": 1,
    "ANullableLong": 20,
    "ADouble": 19.99,
    "ANullableDouble": 29.99,
    "ADecimal": 19.99,
    "ANullableDecimal": 29.99,
    "AString": "abc",
    "ANullableString": "def 123",
    "AEnum": "Active",
    "ANullableEnum": "Inactive",
    "ABoolean": true,
    "ANullableBoolean": false,
    "ADateTimeOffset": "2024-09-01T01:00:00+02:00",
    "ANullableDateTimeOffset": "2024-09-01T01:00:00+02:00",
    "ADateTime": "2024-09-01T01:00:00",
    "ANullableDateTime": "2024-09-01T01:00:00"
  }
]
